13 run, 0 failed, 0 errors
0 run, 0 failed, 0 errors
