staring tests

debugging method testSize3 ...

debugging method testSize2 ...

debugging method testAsString ...

debugging method testAsList ...

debugging method testGetPresent ...

debugging method testGetAbsent ...

debugging method testGetIfAbsentPresent ...

debugging method testGetIfAbsent ...

debugging method testContainsPresent ...

debugging method testContainsAbsent ...

debugging method testMany ...

debugging method testDo ...

debugging method testKeysDo ...
map tests: 13 run, 0 failed, 0 errors
