during initialization, s = "hi there" and t = type t
hi there
type t
