the t054 module object
the t054 module object
one two three 
