multi-parameter blocks: 7 run, 0 failed, 0 errors
