type A has methods [a(_)]
type B has methods [b(_)]
type A has methods [a(_)]
type B has methods [b(_)]
(type A & type B) has methods [a(_), b(_)]
⟨2, 3, 4⟩ is a sequence
The following list methods are not in sequence:
    add(_)
    addAll(_)
    addAllFirst(_)
    addFirst(_)
    addLast(_)
    at(_)put(_)
    clear
    copy
    pop
    remove(_)
    remove(_)ifAbsent(_)
    removeAll(_)
    removeAll(_)ifAbsent(_)
    removeAt(_)
    removeFirst
    removeLast
    reverse
    sort
    sortBy(_)
